
There are no discarded input sections

Memory Configuration

Name             Origin             Length             Attributes
FLASH            0x08000000         0x00100000         xr
RAM              0x20000000         0x00020000         xrw
*default*        0x00000000         0xffffffff

Linker script and memory map

LOAD startup/startup_stm32f4.o
LOAD src/main.o
                0x20020000                        _estack = (ORIGIN (RAM) + LENGTH (RAM))

.isr_vector     0x08000000       0x40
 *(.isr_vector)
 .isr_vector    0x08000000       0x40 startup/startup_stm32f4.o
                0x08000000                g_pfnVectors

.text           0x08000040      0x134
 *(.text*)
 .text          0x08000040        0x0 startup/startup_stm32f4.o
 .text.Reset_Handler
                0x08000040       0x44 startup/startup_stm32f4.o
                0x08000040                Reset_Handler
 .text.Default_Handler
                0x08000084        0x2 startup/startup_stm32f4.o
 *fill*         0x08000086        0x2 
 .text          0x08000088       0xec src/main.o
                0x080000c4                SysTick_Handler
                0x080000e0                main

.glue_7         0x08000174        0x0
 .glue_7        0x08000174        0x0 linker stubs

.glue_7t        0x08000174        0x0
 .glue_7t       0x08000174        0x0 linker stubs

.vfp11_veneer   0x08000174        0x0
 .vfp11_veneer  0x08000174        0x0 linker stubs

.v4_bx          0x08000174        0x0
 .v4_bx         0x08000174        0x0 linker stubs

.iplt           0x08000174        0x0
 .iplt          0x08000174        0x0 startup/startup_stm32f4.o

.rodata         0x08000174       0xae
 *(.rodata*)
 .rodata        0x08000174       0xae src/main.o

.rel.dyn        0x08000224        0x0
 .rel.iplt      0x08000224        0x0 startup/startup_stm32f4.o

.data           0x20000000        0x4 load address 0x08000222
                0x20000000                        _sdata = .
 *(.data*)
 .data          0x20000000        0x0 startup/startup_stm32f4.o
 .data          0x20000000        0x4 src/main.o
                0x20000000                initialized
                0x20000004                        _edata = .
                0x08000222                        _sidata = LOADADDR (.data)

.igot.plt       0x20000004        0x0 load address 0x08000226
 .igot.plt      0x20000004        0x0 startup/startup_stm32f4.o

.bss            0x20000004        0x8 load address 0x08000226
                0x20000004                        _sbss = .
 *(.bss*)
 .bss           0x20000004        0x0 startup/startup_stm32f4.o
 .bss           0x20000004        0x8 src/main.o
                0x20000004                uninitialized
                0x20000008                tick
 *(COMMON)
                0x2000000c                        _ebss = .
OUTPUT(firmware.elf elf32-littlearm)
LOAD linker stubs

.ARM.attributes
                0x00000000       0x35
 .ARM.attributes
                0x00000000       0x25 startup/startup_stm32f4.o
 .ARM.attributes
                0x00000025       0x34 src/main.o

.comment        0x00000000       0x45
 .comment       0x00000000       0x45 src/main.o
                                 0x46 (size before relaxing)

.debug_line     0x00000000      0x122
 .debug_line    0x00000000       0x74 startup/startup_stm32f4.o
 .debug_line    0x00000074       0xae src/main.o

.debug_line_str
                0x00000000       0x41
 .debug_line_str
                0x00000000       0x41 startup/startup_stm32f4.o

.debug_info     0x00000000      0x146
 .debug_info    0x00000000       0x23 startup/startup_stm32f4.o
 .debug_info    0x00000023      0x123 src/main.o

.debug_abbrev   0x00000000      0x113
 .debug_abbrev  0x00000000       0x12 startup/startup_stm32f4.o
 .debug_abbrev  0x00000012      0x101 src/main.o

.debug_aranges  0x00000000       0x48
 .debug_aranges
                0x00000000       0x28 startup/startup_stm32f4.o
 .debug_aranges
                0x00000028       0x20 src/main.o

.debug_str      0x00000000      0x136
 .debug_str     0x00000000      0x136 startup/startup_stm32f4.o
                                 0x4f (size before relaxing)
 .debug_str     0x00000136        0x0 src/main.o
                                0x11f (size before relaxing)

.debug_rnglists
                0x00000000       0x19
 .debug_rnglists
                0x00000000       0x19 startup/startup_stm32f4.o

.debug_frame    0x00000000       0x9c
 .debug_frame   0x00000000       0x9c src/main.o
